// Jest Snapshot v1, https://goo.gl/fbAQLP

exports[`ComicsPage should match the snapshot 1`] = `ShallowWrapper {}`;
