// Jest Snapshot v1, https://goo.gl/fbAQLP

exports[`ComicsView should match the snapshot 1`] = `ShallowWrapper {}`;
