// Jest Snapshot v1, https://goo.gl/fbAQLP

exports[`Title should match the snapshot 1`] = `ShallowWrapper {}`;
